

Working Directory = /scratch/eecs251b-aaz/sp24-project-usb2-generator
QoS Summary for data_recovery
================================================================================
Metric                          final          
================================================================================
Slack (ps):                       103
  R2R (ps):                       129
  I2R (ps):                  no_value
  R2O (ps):                  no_value
  I2O (ps):                  no_value
  CG  (ps):                       103
TNS (ps):                           0
  R2R (ps):                         0
  I2R (ps):                  no_value
  R2O (ps):                  no_value
  I2O (ps):                  no_value
  CG  (ps):                         0
Failing Paths:                      0
Cell Area:                     12,700
Total Cell Area:               12,700
Leaf Instances:                 1,085
Total Instances:                1,085
Utilization (%):                 0.00
Tot. Net Length (um):        no_value
Avg. Net Length (um):        no_value
Route Overflow H (%):        no_value
Route Overflow V (%):        no_value
MBCI(%) (bits/gate) :            0.00
Norm Cong Hotspot Area:
  Max Cong:                  no_value
  Tot Cong:                  no_value
================================================================================
CPU  Runtime (h:m:s):        00:00:34
Real Runtime (h:m:s):        00:00:31
CPU  Elapsed (h:m:s):        00:00:34
Real Elapsed (h:m:s):        00:00:31
Memory (MB):                   979.39
================================================================================
================================================================================
Flow Settings:
================================================================================
Total Runtime (h:m:s): 00:00:31
Total Memory (MB):     979.39
Executable Version:    19.15-s090_1
================================================================================
Total Cell Area =  Cell Area + Physical Cell Area
Total Instances =  Leaf Instances + Physical Instances


